Executing action: monitor
Serial port /dev/ttyUSB0
Connecting....
Detecting chip type... ESP32-C6
Running idf_monitor in directory /home/tdn/safe_sw_eb/esp32c6/esp32c6_wamr_interp_fast_C
Executing "/home/tdn/.espressif/python_env/idf5.4_py3.12_env/bin/python /home/tdn/esp/v5.4/esp-idf/tools/idf_monitor.py -p /dev/ttyUSB0 -b 115200 --toolchain-prefix riscv32-esp-elf- --target esp32c6 --revision 0 --decode-panic backtrace /home/tdn/safe_sw_eb/esp32c6/esp32c6_wamr_interp_fast_C/build/esp32c6_wamr_interp_fast_C.elf -m '/home/tdn/.espressif/python_env/idf5.4_py3.12_env/bin/python' '/home/tdn/esp/v5.4/esp-idf/tools/idf.py'"...
ESP-ROM:esp32c6-20220919
Build:Sep 19 2022
rst:0x1 (POWERON),boot:0x1c (SPI_FAST_FLASH_BOOT)
SPIWP:0xee
mode:DIO, clock div:2
load:0x40875720,len:0x16b8
load:0x4086c110,len:0xe84
load:0x4086e610,len:0x304c
entry 0x4086c11a
[0;32mI (23) boot: ESP-IDF v5.4-dirty 2nd stage bootloader[0m
[0;32mI (24) boot: compile time Apr  4 2025 09:13:23[0m
[0;32mI (24) boot: chip revision: v0.0[0m
[0;32mI (24) boot: efuse block revision: v0.1[0m
[0;32mI (28) boot.esp32c6: SPI Speed      : 80MHz[0m
[0;32mI (31) boot.esp32c6: SPI Mode       : DIO[0m
[0;32mI (35) boot.esp32c6: SPI Flash Size : 2MB[0m
[0;32mI (39) boot: Enabling RNG early entropy source...[0m
[0;32mI (43) boot: Partition Table:[0m
[0;32mI (46) boot: ## Label            Usage          Type ST Offset   Length[0m
[0;32mI (52) boot:  0 nvs              WiFi data        01 02 00009000 00006000[0m
[0;32mI (59) boot:  1 phy_init         RF data          01 01 0000f000 00001000[0m
[0;32mI (65) boot:  2 factory          factory app      00 00 00010000 00100000[0m
[0;32mI (72) boot: End of partition table[0m
[0;32mI (75) esp_image: segment 0: paddr=00010020 vaddr=42030020 size=0acf0h ( 44272) map[0m
[0;32mI (91) esp_image: segment 1: paddr=0001ad18 vaddr=40800000 size=05300h ( 21248) load[0m
[0;32mI (96) esp_image: segment 2: paddr=00020020 vaddr=42000020 size=28278h (164472) map[0m
[0;32mI (128) esp_image: segment 3: paddr=000482a0 vaddr=40805300 size=05b1ch ( 23324) load[0m
[0;32mI (133) esp_image: segment 4: paddr=0004ddc4 vaddr=4080ae20 size=02334h (  9012) load[0m
[0;32mI (139) boot: Loaded app from partition at offset 0x10000[0m
[0;32mI (139) boot: Disabling RNG early entropy source...[0m
[0;32mI (153) cpu_start: Unicore app[0m
[0;32mI (161) cpu_start: Pro cpu start user code[0m
[0;32mI (161) cpu_start: cpu freq: 160000000 Hz[0m
[0;32mI (162) app_init: Application information:[0m
[0;32mI (162) app_init: Project name:     esp32c6_wamr_interp_fast_C[0m
[0;32mI (167) app_init: App version:      20bc33ea-dirty[0m
[0;32mI (171) app_init: Compile time:     Apr  4 2025 09:13:14[0m
[0;32mI (176) app_init: ELF file SHA256:  6602fd2a2...[0m
[0;32mI (181) app_init: ESP-IDF:          v5.4-dirty[0m
[0;32mI (185) efuse_init: Min chip rev:     v0.0[0m
[0;32mI (189) efuse_init: Max chip rev:     v0.99 [0m
[0;32mI (193) efuse_init: Chip rev:         v0.0[0m
[0;32mI (197) heap_init: Initializing. RAM available for dynamic allocation:[0m
[0;32mI (203) heap_init: At 4080E0F0 len 0006E520 (441 KiB): RAM[0m
[0;32mI (208) heap_init: At 4087C610 len 00002F54 (11 KiB): RAM[0m
[0;32mI (213) heap_init: At 50000000 len 00003FE8 (15 KiB): RTCRAM[0m
[0;32mI (219) spi_flash: detected chip: generic[0m
[0;32mI (222) spi_flash: flash io: dio[0m
[0;33mW (225) spi_flash: Detected size(8192k) larger than the size in the binary image header(2048k). Using the size in the binary image header.[0m
[0;32mI (238) sleep_gpio: Configure to isolate all GPIO pins in sleep state[0m
[0;32mI (244) sleep_gpio: Enable automatic switching of GPIO sleep configuration[0m
[0;32mI (250) coexist: coex firmware version: 49a8cdc[0m
[0;32mI (269) coexist: coexist rom version 5b8dcfa[0m
[0;32mI (269) main_task: Started on CPU0[0m
[0;32mI (269) main_task: Calling app_main()[0m
[0;32mI (269) wamr: Starting WAMR-Fast Interpreter mode, Wasm app compiled from C..[0m
ESP32C6_WAMR_FI_C: Load   759796
ESP32C6_WAMR_FI_C: Run    221831
ESP32C6_WAMR_FI_C: Unload 31636
ESP32C6_WAMR_FI_C: Total  1013263
[0;32mI (279) wamr: Exiting...[0m
[0;32mI (279) main_task: Returned from app_main()[0m
